../Drivers/Robot_Driver/Line_Sensors.c:38:13:configure_adc_for_line	16	static
../Drivers/Robot_Driver/Line_Sensors.c:59:17:read_2_ADC_Simultaneous	64	static
../Drivers/Robot_Driver/Line_Sensors.c:92:6:interpreate_data	16	static
../Drivers/Robot_Driver/Line_Sensors.c:101:6:Line_Sensors_Init	8	static
../Drivers/Robot_Driver/Line_Sensors.c:107:9:Line_Sensors_Read	32	static
../Drivers/Robot_Driver/Line_Sensors.c:119:6:Line_Sensors_Test_Sensors_Output	152	static
../Drivers/Robot_Driver/Line_Sensors.c:139:6:Line_Sensors_Test	16	static
