../Drivers/Robot_Driver/motor_driver.c:49:9:motor_power_to_motor_input	24	static
../Drivers/Robot_Driver/motor_driver.c:72:6:Motor_Driver_Init	8	static
../Drivers/Robot_Driver/motor_driver.c:88:6:Motor_Driver_Change_Power	24	static
../Drivers/Robot_Driver/motor_driver.c:100:6:Motor_Driver_Change_Left_Power	24	static
../Drivers/Robot_Driver/motor_driver.c:111:6:Motor_Driver_Change_Right_Power	24	static
../Drivers/Robot_Driver/motor_driver.c:122:6:Motor_Driver_Test_Conversion	80	static
../Drivers/Robot_Driver/motor_driver.c:141:6:Motor_Driver_Motor_Test	72	static
